// Vitest Snapshot v1, https://vitest.dev/guide/snapshot.html

exports[`CSSComment > should create a block comment 1`] = `
"/**
 * This is a comment
 */"
`;

exports[`CSSComment > should create a comment 1`] = `"/* This is a comment */"`;
