// Vitest Snapshot v1, https://vitest.dev/guide/snapshot.html

exports[`CSSStyleSheet > should create a stylesheet with a comment 1`] = `
"/**
 * This is a block comment
 */
"
`;
